[rallyinteractive.com/static/js/rally.min.js]
[backblue.gif]
[fade.gif]
[index.html]
[rallyinteractive.com/index.html]
[rallyinteractive.com/static/images/spinner.png]
[rallyinteractive.com/static/images/iPhone-4.png]
[rallyinteractive.com/static/images/iPhone-8.png]
[rallyinteractive.com/static/images/iPhone-X-BG.png]
[rallyinteractive.com/static/images/iPhone-X.png]
[rallyinteractive.com/static/images/iPad.png]
[rallyinteractive.com/static/images/canyon-background-large.jpg]
[rallyinteractive.com/static/images/polaroid.png]
[rallyinteractive.com/static/css/rally.min.css]
[rallyinteractive.com/static/images/CA.jpg]
[rallyinteractive.com/static/images/MP.jpg]
[rallyinteractive.com/studio/index.html]
[rallyinteractive.com/static/images/couch-square.jpg]
[rallyinteractive.com/static/images/campfire-square.jpg]
[rallyinteractive.com/static/images/pingpong-square.jpg]
[rallyinteractive.com/static/images/monitor-square.jpg]
[rallyinteractive.com/jobs/senior-developer/index.html]
[rallyinteractive.com/jobs/design-intern/index.html]
[rallyinteractive.com/contact/index.html]
[rally-media.s3.amazonaws.com/heroshots/jaybird-homepage2x.jpg]
[rally-media.s3.amazonaws.com/heroshots/jaybird-homepage-mobile.png]
[rally-media.s3.amazonaws.com/screenshots/jaybird-homepage-fallback-image.png]
[rally-media.s3.amazonaws.com/screenshots/jaybird-compare-fallback-image.png]
[rally-media.s3.amazonaws.com/screenshots/jaybird-topic-page-static.jpg]
[rally-media.s3.amazonaws.com/screenshots/jaybird-our-story-static.jpg]
[rally-media.s3.amazonaws.com/screenshots/jaybird-pdp-static.jpg]
[rally-media.s3.amazonaws.com/screenshots/jaybird-affiliates-static.jpg]
[rallyinteractive.com/case-studies/jaybird/index.html]
[rallyinteractive.com/static/images/home-arrow.svg]
[rally-media.s3.amazonaws.com/heroshots/mapbox-hmi-reroute2x.jpg]
[rally-media.s3.amazonaws.com/heroshots/mapbox-companion-app2x.jpg]
[rally-media.s3.amazonaws.com/screenshots/Mapbox-Home-Screen.jpg]
[rally-media.s3.amazonaws.com/screenshots/Mapbox-Search.jpg]
[rally-media.s3.amazonaws.com/screenshots/Mapbox-Rerouting.jpg]
[rally-media.s3.amazonaws.com/screenshots/Mapbox-Stop-Added.jpg]
[rally-media.s3.amazonaws.com/screenshots/Mapbox-Contextual-Menu.jpg]
[rally-media.s3.amazonaws.com/screenshots/Mapbox-Lane-Level-Guidance.jpg]
[rallyinteractive.com/case-studies/in-car-navigation/index.html]
[rally-media.s3.amazonaws.com/heroshots/NT-Relationship-View2x.jpg]
[rallyinteractive.com/case-studies/tactical-mapping/index.html]
[rally-media.s3.amazonaws.com/heroshots/00-Inside-Design-mobile.jpg]
[rally-media.s3.amazonaws.com/heroshots/01-Invision-desktop.jpg]
[rally-media.s3.amazonaws.com/screenshots/00-invision-slideshow-home-page.jpg]
[rally-media.s3.amazonaws.com/screenshots/01-invision-slideshow-home-page.jpg]
[rallyinteractive.com/case-studies/inside-design/index.html]
[rally-media.s3.amazonaws.com/heroshots/02-youmap.jpg]
[rally-media.s3.amazonaws.com/heroshots/01-youmap-map.jpg]
[rally-media.s3.amazonaws.com/heroshots/00-YouMap-intro.jpg]
[rally-media.s3.amazonaws.com/screenshots/05-stay-informed.jpg]
[rally-media.s3.amazonaws.com/screenshots/06-stay-informed.jpg]
[rally-media.s3.amazonaws.com/screenshots/07-stay-informed.jpg]
[rally-media.s3.amazonaws.com/screenshots/_00-intro.jpg]
[rally-media.s3.amazonaws.com/screenshots/01-stay-informed.jpg]
[rally-media.s3.amazonaws.com/screenshots/02-customize.jpg]
[rally-media.s3.amazonaws.com/screenshots/_02-no-borders.jpg]
[rallyinteractive.com/case-studies/youmap/index.html]
[rally-media.s3.amazonaws.com/heroshots/01-nike-chat.jpg]
[rally-media.s3.amazonaws.com/heroshots/02-nike-chat.jpg]
[rally-media.s3.amazonaws.com/heroshots/00-nike-chat.jpg]
[rallyinteractive.com/case-studies/chat/index.html]
[rally-media.s3.amazonaws.com/heroshots/02_FS_Investments.jpg]
[rally-media.s3.amazonaws.com/heroshots/01_FS_investments.jpg]
[rally-media.s3.amazonaws.com/heroshots/00_FS_investments.jpg]
[rallyinteractive.com/case-studies/franklin-square/index.html]
[rally-media.s3.amazonaws.com/heroshots/SNRKS-grid-item.jpg]
[rally-media.s3.amazonaws.com/heroshots/Upcoming_feed.jpg]
[rally-media.s3.amazonaws.com/heroshots/00.jpg]
[rally-media.s3.amazonaws.com/screenshots/02.jpg]
[rally-media.s3.amazonaws.com/screenshots/tab-bar.jpg]
[rally-media.s3.amazonaws.com/screenshots/new-drops.jpg]
[rally-media.s3.amazonaws.com/screenshots/01.jpg]
[rally-media.s3.amazonaws.com/screenshots/03-Nike-SNKRS.jpg]
[rallyinteractive.com/case-studies/snkrs/index.html]
[rally-media.s3.amazonaws.com/heroshots/00-Fox-sports-hero.jpg]
[rally-media.s3.amazonaws.com/screenshots/00-Fox-sports-back-up.jpg]
[rally-media.s3.amazonaws.com/screenshots/02-Fox-Sports.jpg]
[rally-media.s3.amazonaws.com/screenshots/03-Fox-Sports-backup.jpg]
[rallyinteractive.com/case-studies/broadcast-graphics/index.html]
[rally-media.s3.amazonaws.com/heroshots/00-Stance-desktop.jpg]
[rally-media.s3.amazonaws.com/heroshots/01-Stance-mobile.jpg]
[rally-media.s3.amazonaws.com/screenshots/02-Stance-PDP.jpg]
[rally-media.s3.amazonaws.com/screenshots/04-Stance-desktop.jpg]
[rally-media.s3.amazonaws.com/screenshots/03-Stance-styleguide.jpg]
[rally-media.s3.amazonaws.com/screenshots/05-Stance-style-guide-components.jpg]
[rallyinteractive.com/case-studies/stance/index.html]
[rally-media.s3.amazonaws.com/heroshots/01-paypal-global-payments.jpg]
[rally-media.s3.amazonaws.com/screenshots/01-paypal-installation-backup.jpg]
[rally-media.s3.amazonaws.com/screenshots/02-PayPal-timeline-interaction.jpg]
[rallyinteractive.com/case-studies/global-transactions/index.html]
[rally-media.s3.amazonaws.com/heroshots/000-luxe.jpg]
[rally-media.s3.amazonaws.com/heroshots/01-luxe.jpg]
[rally-media.s3.amazonaws.com/heroshots/003-luxe.jpg]
[rally-media.s3.amazonaws.com/screenshots/00-luxe-backup.jpg]
[rally-media.s3.amazonaws.com/screenshots/01-luxe-backup.jpg]
[rally-media.s3.amazonaws.com/screenshots/02-luxe-backup.jpg]
[rally-media.s3.amazonaws.com/screenshots/03-luxe-backup.jpg]
[rallyinteractive.com/case-studies/luxe-valet/index.html]
[rally-media.s3.amazonaws.com/heroshots/00-Epicurrence-desktop.jpg]
[rally-media.s3.amazonaws.com/heroshots/01-Epicurrence-mobile.jpg]
[rallyinteractive.com/case-studies/epicurrence-3/index.html]
[rally-media.s3.amazonaws.com/heroshots/01-Boston-Globe.jpg]
[rally-media.s3.amazonaws.com/heroshots/00-Boston-Globe.jpg]
[rally-media.s3.amazonaws.com/screenshots/07-Boston-Globe-ideas.jpg]
[rallyinteractive.com/case-studies/boston-globe/index.html]
[rally-media.s3.amazonaws.com/heroshots/00-Genworth.jpg]
[rallyinteractive.com/case-studies/genworth/index.html]
[rally-media.s3.amazonaws.com/heroshots/_00-ipad-preview.jpg]
[rally-media.s3.amazonaws.com/heroshots/_01-iphone.jpg]
[rally-media.s3.amazonaws.com/screenshots/01-iphone.jpg]
[rally-media.s3.amazonaws.com/screenshots/_00-ipad-preview.jpg]
[rally-media.s3.amazonaws.com/screenshots/_01-ipad-preview.jpg]
[rally-media.s3.amazonaws.com/screenshots/_01-iphone.jpg]
[rally-media.s3.amazonaws.com/screenshots/_02-ipad-preview.jpg]
[rally-media.s3.amazonaws.com/screenshots/04-iphone.jpg]
[rally-media.s3.amazonaws.com/screenshots/_03-ipad-preview.jpg]
[rallyinteractive.com/case-studies/world-atlas/index.html]
[rally-media.s3.amazonaws.com/heroshots/01-espnfc-mobile.jpg]
[rally-media.s3.amazonaws.com/heroshots/00-espnfc-desktop.jpg]
[rallyinteractive.com/case-studies/espn-fc/index.html]
[rally-media.s3.amazonaws.com/heroshots/_02_back_up.jpg]
[rally-media.s3.amazonaws.com/heroshots/_01_back_up.jpg]
[rally-media.s3.amazonaws.com/heroshots/_00_back_up.jpg]
[rally-media.s3.amazonaws.com/screenshots/_03_back_up.jpg]
[rally-media.s3.amazonaws.com/screenshots/_04_back_up.jpg]
[rally-media.s3.amazonaws.com/screenshots/_00_back_up.jpg]
[rally-media.s3.amazonaws.com/screenshots/_01_back_up.jpg]
[rally-media.s3.amazonaws.com/screenshots/_02_back_up.jpg]
[rallyinteractive.com/case-studies/merchant-app/index.html]
[rally-media.s3.amazonaws.com/heroshots/IMG_7244.jpg]
[rally-media.s3.amazonaws.com/heroshots/IMG_7245.jpg]
[rally-media.s3.amazonaws.com/heroshots/IMG_7247.jpg]
[rallyinteractive.com/case-studies/city-guides/index.html]
[rallyinteractive.com/static/images/arrow.svg]
[rallyinteractive.com/static/images/list-bullet.svg]
